 › chrome › TC002_create_lead.spec.ts:
  › @Smoke @Regression creating Lead : failed

Summary:
Passed: 0
Failed: 1
Skipped: 0